// Jest Snapshot v1, https://goo.gl/fbAQLP

exports[` <MediaCardBici />Test should match snapshot 1`] = `
<WithStyles(ForwardRef(Card))
  className="makeStyles-root-1"
>
  <WithStyles(ForwardRef(CardActionArea))>
    <WithStyles(ForwardRef(CardMedia))
      className="makeStyles-media-2"
      image="1.jpg"
    />
    <WithStyles(ForwardRef(CardContent))>
      <WithStyles(ForwardRef(Typography))
        component="h4"
        gutterBottom={true}
        variant="h5"
      >
        <b>
          Marca:
        </b>
         
        Jeep
      </WithStyles(ForwardRef(Typography))>
      <WithStyles(ForwardRef(Typography))
        color="textSecondary"
        component="p"
        variant="body2"
      >
        Estado: 
        alquilada
         
        <br />
        Precio: $ 
        5000
         COP c/hr 
        <br />
        Descripcion: 
        Bicicleta de Montaña Jeep Baltoro 29 pulgadas Género: Unisex Material del marco: Aluminio, Número de cambios: 21, Tipo de freno: Disco mecánico, Suspensión: Delantera
      </WithStyles(ForwardRef(Typography))>
    </WithStyles(ForwardRef(CardContent))>
  </WithStyles(ForwardRef(CardActionArea))>
  <WithStyles(ForwardRef(CardActions))>
    <WithStyles(ForwardRef(Button))
      color="primary"
      disabled={false}
      onClick={[Function]}
      size="small"
    >
      Alquilar
    </WithStyles(ForwardRef(Button))>
    <WithStyles(ForwardRef(Button))
      color="primary"
      disabled={false}
      size="small"
    >
      Reservar
    </WithStyles(ForwardRef(Button))>
  </WithStyles(ForwardRef(CardActions))>
</WithStyles(ForwardRef(Card))>
`;
